<?xml version="1.0" encoding="UTF-8" ?>
<testsuites name="vitest tests" tests="2" failures="0" errors="0" time="0.282445411">
    <testsuite name="test/app.test.ts" timestamp="2026-05-26T16:04:41.358Z" hostname="codespaces-754440" tests="2" failures="0" errors="0" skipped="0" time="0.282445411">
        <testcase classname="test/app.test.ts" name="Fastify app &gt; GET /health returns ok status" time="0.273701169">
        </testcase>
        <testcase classname="test/app.test.ts" name="Fastify app &gt; GET / returns app message and version" time="0.003500824">
        </testcase>
    </testsuite>
</testsuites>
